Command: C:\Espressif\tools\python\v6.0\venv\Scripts\python.exe D:\esp\v6.0\esp-idf\tools/idf_monitor.py -p COM7 -b 115200 --toolchain-prefix xtensa-esp32-elf- --target esp32 --revision 0 C:\Users\Admin\Desktop\esp\FINAL_EXAM\esp32-modular-iot-firmware\Project\build\Project.elf C:\Users\Admin\Desktop\esp\FINAL_EXAM\esp32-modular-iot-firmware\Project\build\bootloader\bootloader.elf --force-color -m 'C:\Espressif\tools\python\v6.0\venv\Scripts\python.exe' 'D:\esp\v6.0\esp-idf\tools\idf.py' '-p' 'COM7'
PI_FAST_FLASH_BOOT)
configsip: 0, SPIWP:0xee
clk_drv:0x00,q_drv:0x00,d_drv:0x00,cs0_drv:0x00,hd_drv:0x00,wp_drv:0x00
mode:DIO, clock div:2
load:0x3fff00c0,len:9904
load:0x40078000,len:25024
ets Jul 29 2019 12:21:46

rst:0x1 (POWERON_RESET),boot:0x13 (SPI_FAST_FLASH_BOOT)
configsip: 0, SPIWP:0xee
clk_drv:0x00,q_drv:0x00,d_drv:0x00,cs0_drv:0x00,hd_drv:0x00,wp_drv:0x00
mode:DIO, clock div:2
load:0x3fff00c0,len:9904
load:0x40078000,len:25024
load:0x40080400,len:3920
entry 0x40080644
[0;32mI (37) boot: ESP-IDF v6.0 2nd stage bootloader[0m
[0;32mI (37) boot: compile time May 16 2026 21:51:28[0m
[0;32mI (37) boot: Multicore bootloader[0m
[0;32mI (38) boot: chip revision: v3.1[0m
[0;32mI (41) boot.esp32: SPI Speed      : 40MHz[0m
[0;32mI (45) boot.esp32: SPI Mode       : DIO[0m
[0;32mI (48) boot.esp32: SPI Flash Size : 4MB[0m
[0;32mI (52) boot: Enabling RNG early entropy source...[0m
[0;32mI (56) boot: Partition Table:[0m
[0;32mI (59) boot: ## Label            Usage          Type ST Offset   Length[0m
[0;32mI (65) boot:  0 nvs              WiFi data        01 02 0000e000 00005000[0m
[0;32mI (72) boot:  1 otadata          OTA data         01 00 00013000 00002000[0m
[0;32mI (78) boot:  2 phy_init         RF data          01 01 00015000 00001000[0m
[0;32mI (85) boot:  3 ota_0            OTA app          00 10 00020000 001e0000[0m
[0;32mI (91) boot:  4 ota_1            OTA app          00 11 00200000 001e0000[0m
[0;32mI (98) boot: End of partition table[0m
[0;32mI (101) esp_image: segment 0: paddr=00020020 vaddr=3f400020 size=2b7f0h (178160) map[0m
[0;32mI (173) esp_image: segment 1: paddr=0004b818 vaddr=3ffbdb60 size=04800h ( 18432) load[0m
[0;32mI (180) esp_image: segment 2: paddr=00050020 vaddr=400d0020 size=d2ec4h (863940) map[0m
[0;32mI (491) esp_image: segment 3: paddr=00122eec vaddr=3ffc2360 size=01804h (  6148) load[0m
[0;32mI (494) esp_image: segment 4: paddr=001246f8 vaddr=40080000 size=1ca60h (117344) load[0m
[0;32mI (543) esp_image: segment 5: paddr=00141160 vaddr=50000000 size=00028h (    40) load[0m
[0;32mI (543) esp_image: segment 6: paddr=00141190 vaddr=00000000 size=0edf0h ( 60912) [0m
[0;32mI (569) esp_image: Verifying image signature...[0m
[0;32mI (885) boot: Loaded app from partition at offset 0x20000[0m
[0;32mI (885) secure_boot_v1: bootloader secure boot is already enabled. No need to generate digest. continuing..[0m
[0;32mI (888) boot: Checking secure boot...[0m
[0;32mI (892) secure_boot_v1: bootloader secure boot is already enabled, continuing..[0m
[0;32mI (899) boot: Disabling RNG early entropy source...[0m
[0;32mI (916) cpu_start: Multicore app[0m
[0;32mI (924) cpu_start: GPIO 3 and 1 are used as console UART I/O pins[0m
[0;32mI (924) cpu_start: Pro cpu start user code[0m
[0;32mI (924) cpu_start: cpu freq: 160000000 Hz[0m
[0;32mI (926) app_init: Application information:[0m
[0;32mI (930) app_init: Project name:     ADC_DAC[0m
[0;32mI (934) app_init: App version:      fdfba18-dirty[0m
[0;32mI (938) app_init: Compile time:     May 16 2026 23:02:03[0m
[0;32mI (943) app_init: ELF file SHA256:  d1e009f22...[0m
[0;32mI (947) app_init: ESP-IDF:          v6.0[0m
[0;32mI (951) efuse_init: Min chip rev:     v0.0[0m
[0;32mI (955) efuse_init: Max chip rev:     v3.99 [0m
[0;32mI (959) efuse_init: Chip rev:         v3.1[0m
[0;32mI (963) heap_init: Initializing. RAM available for dynamic allocation:[0m
[0;32mI (969) heap_init: At 3FFAFF10 len 000000F0 (0 KiB): DRAM[0m
[0;32mI (974) heap_init: At 3FFB6388 len 00001C78 (7 KiB): DRAM[0m
[0;32mI (979) heap_init: At 3FFB9A20 len 00004108 (16 KiB): DRAM[0m
[0;32mI (984) heap_init: At 3FFCAA50 len 000155B0 (85 KiB): DRAM[0m
[0;32mI (990) heap_init: At 3FFE0440 len 00003AE0 (14 KiB): D/IRAM[0m
[0;32mI (995) heap_init: At 3FFE4350 len 0001BCB0 (111 KiB): D/IRAM[0m
[0;32mI (1001) heap_init: At 4009CA60 len 000035A0 (13 KiB): IRAM[0m
[0;32mI (1008) spi_flash: detected chip: generic[0m
[0;32mI (1010) spi_flash: flash io: dio[0m
[0;32mI (1015) coexist: coex firmware version: 093e3d2[0m
[0;32mI (1018) main_task: Started on CPU0[0m
[0;32mI (1028) main_task: Calling app_main()[0m
[0;32mI (1028) MAIN: === SECURE BOOT: ACTIVE (eFuse burned) ===[0m
[0;32mI (1048) BTDM_INIT: BT controller compile version [045a658][0m
[0;32mI (1048) BTDM_INIT: Using main XTAL as clock source[0m
[0;32mI (1048) BTDM_INIT: Bluetooth MAC: d4:e9:f4:68:65:5e[0m
[0;32mI (1058) phy_init: phy_version 4863,a3a4459,Oct 28 2025,14:30:06[0m
[0;32mI (1138) phy_init: Saving new calibrati�ets Jul 29 2019 12:21:46[0m

rst:0x1 (POWERON_RESET),boot:0x3 (DOWNLOAD_BOOT(UART0/UART1/SDIO_REI_REO_V2))
waiting for download
